---
source: pretty_yaml/tests/fmt.rs
---
!!map # comment 1
# comment 2
a: 123
