---
source: pretty_yaml/tests/fmt.rs
---
!!tag key: value
