---
source: pretty_yaml/tests/fmt.rs
---
# 123
%YAML 1.2
# 456
---
# 789
test
# 000
