---
source: yaml_parser/tests/fail.rs
---
parse error at line 5, column 1
  |
5 | invalid item
  | ^
expected `...`
