---
source: yaml_parser/tests/pass.rs
---
ROOT@0..20
  DOCUMENT@0..19
    DIRECTIVES_END@0..3 "---"
    WHITESPACE@3..4 "\n"
    FLOW@4..19
      PLAIN_SCALAR@4..19 "k:#foo\n &a !t s"
  WHITESPACE@19..20 "\n"
