---
source: yaml_parser/tests/pass.rs
---
ROOT@0..21
  DOCUMENT@0..20
    FLOW@0..20
      FLOW_SEQ@0..20
        L_BRACKET@0..1 "["
        WHITESPACE@1..2 "\n"
        FLOW_SEQ_ENTRIES@2..19
          FLOW_SEQ_ENTRY@2..18
            FLOW_PAIR@2..18
              FLOW_MAP_KEY@2..12
                QUESTION_MARK@2..3 "?"
                WHITESPACE@3..4 " "
                FLOW@4..12
                  PLAIN_SCALAR@4..12 "foo\n bar"
              WHITESPACE@12..13 " "
              COLON@13..14 ":"
              WHITESPACE@14..15 " "
              FLOW_MAP_VALUE@15..18
                FLOW@15..18
                  PLAIN_SCALAR@15..18 "baz"
          WHITESPACE@18..19 "\n"
        R_BRACKET@19..20 "]"
  WHITESPACE@20..21 "\n"
