---
source: yaml_parser/tests/pass.rs
---
ROOT@0..37
  DOCUMENT@0..36
    FLOW@0..36
      PROPERTIES@0..5
        TAG_PROPERTY@0..5
          SHORTHAND_TAG@0..5
            TAG_HANDLE@0..2
              TAG_HANDLE_SECONDARY@0..2 "!!"
            TAG_CHAR@2..5 "map"
      WHITESPACE@5..6 " "
      FLOW_MAP@6..36
        L_BRACE@6..7 "{"
        WHITESPACE@7..10 "\n  "
        FLOW_MAP_ENTRIES@10..35
          FLOW_MAP_ENTRY@10..34
            FLOW_MAP_KEY@10..11
              FLOW@10..11
                PLAIN_SCALAR@10..11 "k"
            COLON@11..12 ":"
            WHITESPACE@12..13 " "
            FLOW_MAP_VALUE@13..34
              FLOW@13..34
                PROPERTIES@13..18
                  TAG_PROPERTY@13..18
                    SHORTHAND_TAG@13..18
                      TAG_HANDLE@13..15
                        TAG_HANDLE_SECONDARY@13..15 "!!"
                      TAG_CHAR@15..18 "seq"
                WHITESPACE@18..21 "\n  "
                FLOW_SEQ@21..34
                  L_BRACKET@21..22 "["
                  WHITESPACE@22..23 " "
                  FLOW_SEQ_ENTRIES@23..33
                    FLOW_SEQ_ENTRY@23..24
                      FLOW@23..24
                        PLAIN_SCALAR@23..24 "a"
                    COMMA@24..25 ","
                    WHITESPACE@25..26 " "
                    FLOW_SEQ_ENTRY@26..33
                      FLOW@26..33
                        PROPERTIES@26..31
                          TAG_PROPERTY@26..31
                            SHORTHAND_TAG@26..31
                              TAG_HANDLE@26..28
                                TAG_HANDLE_SECONDARY@26..28 "!!"
                              TAG_CHAR@28..31 "str"
                        WHITESPACE@31..32 " "
                        PLAIN_SCALAR@32..33 "b"
                  R_BRACKET@33..34 "]"
          WHITESPACE@34..35 "\n"
        R_BRACE@35..36 "}"
  WHITESPACE@36..37 "\n"
