---
source: yaml_parser/tests/pass.rs
---
ROOT@0..16
  WHITESPACE@0..2 "  "
  DOCUMENT@2..11
    FLOW@2..11
      FLOW_SEQ@2..11
        L_BRACKET@2..3 "["
        FLOW_SEQ_ENTRIES@3..10
          FLOW_SEQ_ENTRY@3..4
            FLOW@3..4
              PLAIN_SCALAR@3..4 "1"
          COMMA@4..5 ","
          WHITESPACE@5..6 " "
          FLOW_SEQ_ENTRY@6..7
            FLOW@6..7
              PLAIN_SCALAR@6..7 "2"
          COMMA@7..8 ","
          WHITESPACE@8..9 " "
          FLOW_SEQ_ENTRY@9..10
            FLOW@9..10
              PLAIN_SCALAR@9..10 "3"
        R_BRACKET@10..11 "]"
  WHITESPACE@11..16 "  \n  "
