---
source: yaml_parser/tests/pass.rs
---
ROOT@0..8
  DOCUMENT@0..3
    DIRECTIVES_END@0..3 "---"
  WHITESPACE@3..4 "\n"
  DOCUMENT@4..7
    DIRECTIVES_END@4..7 "---"
  WHITESPACE@7..8 "\n"
