---
source: pretty_yaml/tests/fmt.rs
---
---
scalar1
...
key: value
