---
source: pretty_yaml/tests/fmt.rs
---
- { "key": value }
- { "key": :value }
