---
source: pretty_yaml/tests/fmt.rs
---
{ foo: you, bar: far }
