---
source: pretty_yaml/tests/fmt.rs
---
{
  unquoted: "separate",
  http://foo.com,
  omitted value:,
}
