---
source: pretty_yaml/tests/fmt.rs
---
[flow]: block
