---
source: pretty_yaml/tests/fmt.rs
---
"1 leading
\ttab"
