---
source: pretty_yaml/tests/fmt.rs
---
- plain
- "double quoted"
- "single quoted"
- >
    block
- plain again
