---
source: pretty_yaml/tests/fmt.rs
---
%YAML 1.2
---
|
  %!PS-Adobe-2.0
...
%YAML 1.2
---
# Empty
...
