---
source: pretty_yaml/tests/fmt.rs
---
!!str &a1 "foo":
  !!str bar
&a2 baz: *a1
