---
source: pretty_yaml/tests/fmt.rs
---
block sequence:
  - one
  - two: three
