---
source: pretty_yaml/tests/fmt.rs
---
#6445

obj:
  # before

  # before
  key: value

# after

# after
